app/order/page.tsx(15,3): error TS2305: Module '"lucide-react"' has no exported member 'City'.
app/ProductDetailpage/ProductDetailpage.tsx(80,26): error TS2322: Type '"REMOVE_FROM_WISHLIST"' is not assignable to type '"REMOVE_ITEM" | "TOGGLE_ITEM" | "CLEAR_WISHLIST" | "SET_WISHLIST"'.
app/ProductDetailpage/ProductDetailpage.tsx(84,9): error TS2322: Type '"ADD_TO_WISHLIST"' is not assignable to type '"REMOVE_ITEM" | "TOGGLE_ITEM" | "CLEAR_WISHLIST" | "SET_WISHLIST"'.
app/signin/page.tsx(159,11): error TS2322: Type '{ hidden: { opacity: number; y: number; }; visible: { opacity: number; y: number; transition: { duration: number; ease: string; }; }; exit: { opacity: number; y: number; transition: { duration: number; }; }; }' is not assignable to type 'Variants'.
  Property 'visible' is incompatible with index signature.
    Type '{ opacity: number; y: number; transition: { duration: number; ease: string; }; }' is not assignable to type 'Variant'.
      Type '{ opacity: number; y: number; transition: { duration: number; ease: string; }; }' is not assignable to type 'TargetAndTransition'.
        Type '{ opacity: number; y: number; transition: { duration: number; ease: string; }; }' is not assignable to type '{ transition?: Transition<any> | undefined; transitionEnd?: ResolvedValues$1 | undefined; }'.
          Types of property 'transition' are incompatible.
            Type '{ duration: number; ease: string; }' is not assignable to type 'Transition<any> | undefined'.
              Type '{ duration: number; ease: string; }' is not assignable to type 'TransitionWithValueOverrides<any>'.
                Type '{ duration: number; ease: string; }' is not assignable to type 'ValueAnimationTransition<any>'.
                  Types of property 'ease' are incompatible.
                    Type 'string' is not assignable to type 'Easing | Easing[] | undefined'.
lib/prisma.ts(2,30): error TS2307: Cannot find module '@prisma/client' or its corresponding type declarations.
